// Jest Snapshot v1, https://goo.gl/fbAQLP

exports[`components PathDebugComponent can render with props 1`] = `
<DocumentFragment>
  <div>
    <p>
      hash: hash
    </p>
    <p>
      pathname: /path/with/hash/
    </p>
    <p>
      search: search
    </p>
  </div>
</DocumentFragment>
`;
