// Jest Snapshot v1, https://goo.gl/fbAQLP

exports[`components SidebarComponent can render 1`] = `
<DocumentFragment>
  .emotion-0 {
  position: absolute;
}

<div
    class="emotion-0"
  >
    <ul
      class="bp3-menu"
    >
      <li
        class=""
      >
        <a
          class="bp3-menu-item bp3-popover-dismiss"
          href="/tab/alpha/"
        >
          <div
            class="bp3-text-overflow-ellipsis bp3-fill"
          >
            Admin :: Tab Alpha
          </div>
        </a>
      </li>
      <li
        class=""
      >
        <a
          class="bp3-menu-item bp3-popover-dismiss"
          href="/tab/bravo/"
        >
          <div
            class="bp3-text-overflow-ellipsis bp3-fill"
          >
            Extra :: Tab Bravo
          </div>
        </a>
      </li>
    </ul>
  </div>
</DocumentFragment>
`;
