// Jest Snapshot v1, https://goo.gl/fbAQLP

exports[`components TabLoaderComponent can render 1`] = `
<DocumentFragment>
  <div
    id="tab-alpha"
  />
  <div
    id="tab-bravo"
  />
</DocumentFragment>
`;
